// Jest Snapshot v1, https://goo.gl/fbAQLP

exports[`App App Component should match the snapshot 1`] = `
<div
  className="App"
>
  <header
    className="header-container"
  >
    <Link
      className="logo"
      replace={false}
      to="/"
    >
      <img
        alt="An icon of Wes Anderson's face"
        className="logo-icon"
        src="wes.png"
      />
      <h1>
        WesTracker
      </h1>
    </Link>
    <Connect(Nav)
      userLoggedIn={false}
    />
  </header>
  <Route
    component={[Function]}
    exact={true}
    path="/"
  />
  <Route
    component={[Function]}
    exact={true}
    path="/login"
  />
  <Route
    path="/movie/:id"
    render={[Function]}
  />
</div>
`;
