// Jest Snapshot v1, https://goo.gl/fbAQLP

exports[`App App Component should match the snapshot 1`] = `
<div
  className="a-App"
>
  <header
    className="a-header-container"
  >
    <Link
      className="a-logo"
      replace={false}
      to="/"
    >
      <img
        alt="An icon of Wes Anderson's face"
        className="a-logo-icon"
        src="wes.png"
      />
      <h1
        className="a-header-title"
      >
        WesTracker
      </h1>
    </Link>
    <Connect(Nav) />
  </header>
  <Route
    component={[Function]}
    exact={true}
    path="/"
  />
  <Route
    component={[Function]}
    exact={true}
    path="/login"
  />
  <Route
    path="/movie/:id"
    render={[Function]}
  />
</div>
`;
