// Jest Snapshot v1, https://goo.gl/fbAQLP

exports[`Movie Movie Component should match the snapshot 1`] = `
<div
  className="m-movie"
>
  <Link
    replace={false}
    to="/movie/1"
  >
    <div
      className="m-movie-poster"
    >
      <img
        alt="Click here for movie details."
        className="m-poster"
        src="http://image.tmdb.org/t/p/w342//poster-path1.jpg"
      />
    </div>
  </Link>
  <NavLink
    activeClassName="active"
    aria-current="page"
    className="m-fav-container"
    to="/login"
  >
    <p
      className="m-fav-text"
    >
      FAVORITE
    </p>
    <div
      className="m-fav-btn"
    />
  </NavLink>
</div>
`;
