// Jest Snapshot v1, https://goo.gl/fbAQLP

exports[`MovieDetails should match the snapshot 1`] = `
<div
  className="d-container"
>
  <div
    className="d-btn-container"
  >
    <Link
      className="d-back-btn"
      replace={false}
      to="/"
    >
      ← Back to Movies
    </Link>
  </div>
  <div
    className="d-content-container"
  >
    <img
      alt="Poster of Wes Anderson's hit movie: \\"undefined\\""
      className="d-poster"
      src="http://image.tmdb.org/t/p/w342//undefined"
    />
    <div
      className="d-text-container"
    >
      <h1
        className="d-title"
      />
      <p
        className="d-overview"
      />
    </div>
  </div>
</div>
`;
