// Jest Snapshot v1, https://goo.gl/fbAQLP

exports[`Movie should match the snapshot 1`] = `
<div
  className="movie"
>
  <img
    className="poster"
    src="http://image.tmdb.org/t/p/w342//something.jpg"
  />
  <div
    className="fav-container"
  >
    <p
      className="fav-text"
    >
      FAVORITE
    </p>
    <div
      className="fav-btn"
    />
  </div>
</div>
`;
