// Jest Snapshot v1, https://goo.gl/fbAQLP

exports[`Movie should match the snapshot 1`] = `
<div>
  <Link
    replace={false}
    to="/movie/undefined"
  >
    <div
      className="m-movie"
    >
      <div
        className="m-movie-poster"
      >
        <img
          alt="Click here for movie details."
          className="m-poster"
          src="http://image.tmdb.org/t/p/w342//something.jpg"
        />
      </div>
    </div>
  </Link>
  <NavLink
    activeClassName="active"
    aria-current="page"
    className="m-fav-container"
    to="/login"
  >
    <p
      className="m-fav-text"
    >
      FAVORITE
    </p>
    <div
      className="m-fav-btn"
    />
  </NavLink>
</div>
`;
