// Jest Snapshot v1, https://goo.gl/fbAQLP

exports[`MovieDetails should match the snapshot 1`] = `
<div
  className="details-container"
>
  <Link
    className="back-btn"
    replace={false}
    to="/"
  >
    Back
  </Link>
  <img
    alt="Poster of Wes Anderson's hit movie: \\"undefined\\""
    src="http://image.tmdb.org/t/p/w342//undefined"
  />
  <div
    text-container={true}
  >
    <h1
      className="title"
    />
    <p
      className="overview"
    />
  </div>
</div>
`;
